Dependent callback for "frm-dependentSelectForm2-dependentSelect" must be set!